// Jest Snapshot v1, https://goo.gl/fbAQLP

exports[`getTodos Saga should call the todoLoadingError action if the response errors 1`] = `
Object {
  "@@redux-saga/IO": true,
  "SELECT": Object {
    "args": Array [],
    "selector": [Function],
  },
}
`;

exports[`getTodos Saga should call the todoLoadingError action if the response errors 2`] = `
Object {
  "@@redux-saga/IO": true,
  "CALL": Object {
    "args": Array [
      "/api/todo?category=work",
    ],
    "context": null,
    "fn": [Function],
  },
}
`;

exports[`getTodos Saga should dispatch the todosLoaded action if it requests the data successfully 1`] = `
Object {
  "@@redux-saga/IO": true,
  "SELECT": Object {
    "args": Array [],
    "selector": [Function],
  },
}
`;

exports[`getTodos Saga should dispatch the todosLoaded action if it requests the data successfully 2`] = `
Object {
  "@@redux-saga/IO": true,
  "CALL": Object {
    "args": Array [
      "/api/todo?category=work",
    ],
    "context": null,
    "fn": [Function],
  },
}
`;
